src/screens/CompassMapScreen.tsx(39,8): error TS2307: Cannot find module '../api/floorplanApi' or its corresponding type declarations.
